00:00 +0: loading /Users/maninder/Developer/docscannerplus/test/settings_page_test.dart                                                                                                                00:01 +0: loading /Users/maninder/Developer/docscannerplus/test/settings_page_test.dart                                                                                                                00:02 +0: loading /Users/maninder/Developer/docscannerplus/test/settings_page_test.dart                                                                                                                00:02 +0: Navigation to About Page                                                                                                                                                                     00:02 +0: Navigation to About Page                                                                                                                                                                     
══╡ EXCEPTION CAUGHT BY FLUTTER TEST FRAMEWORK ╞════════════════════════════════════════════════════
The following assertion was thrown running a test:
The finder "Found 0 widgets with text "About": []" (used in a call to "tap()") could not find any
matching widgets.

When the exception was thrown, this was the stack:
#0      WidgetController._getElementPoint (package:flutter_test/src/controller.dart:2013:7)
#1      WidgetController.getCenter (package:flutter_test/src/controller.dart:1865:12)
#2      WidgetController.tap (package:flutter_test/src/controller.dart:1045:7)
#3      main.<anonymous closure> (file:///Users/maninder/Developer/docscannerplus/test/settings_page_test.dart:121:18)
<asynchronous suspension>
#4      testWidgets.<anonymous closure>.<anonymous closure> (package:flutter_test/src/widget_tester.dart:192:15)
<asynchronous suspension>
#5      TestWidgetsFlutterBinding._runTestBody (package:flutter_test/src/binding.dart:1059:5)
<asynchronous suspension>
<asynchronous suspension>
(elided one frame from package:stack_trace)

The test description was:
  Navigation to About Page
════════════════════════════════════════════════════════════════════════════════════════════════════
00:02 +0 -1: Navigation to About Page [E]                                                                                                                                                              
  Test failed. See exception logs above.
  The test description was: Navigation to About Page
  

To run this test again: /opt/homebrew/Caskroom/flutter/3.32.5/flutter/bin/cache/dart-sdk/bin/dart test /Users/maninder/Developer/docscannerplus/test/settings_page_test.dart -p vm --plain-name 'Navigation to About Page'
00:02 +0 -1: Some tests failed.                                                                                                                                                                        
